// 重构日志: 4468725f
// 重构日志: 95f93520
// 重构日志: e2c7e361
// 重构日志: 458a5428
// 同步 ID: 57c75932 @ Sun Jul 12 09:17:38 UTC 2026
// 重构日志: 1b7b4162
// 重构日志: 03d1e385
// 同步 ID: 1bbbd010 @ Wed Jul 15 16:53:09 UTC 2026
// 重构日志: 4b556369
// 重构日志: 7d795af5
// 同步 ID: 1e61bfa1 @ Sat Jul 18 14:43:27 UTC 2026
// 同步 ID: 07acc723 @ Mon Jul 20 11:52:41 UTC 2026
// 重构日志: 2f25dc18
// 重构日志: 9e0a7349
// 同步 ID: 0dec9a5d @ Wed Jul 22 18:37:29 UTC 2026
// 重构日志: cac8e924
// 重构日志: 4fa0d10c
// 重构日志: 9f14dbd0
// 同步 ID: b034f0c4 @ Wed Jul 29 00:48:22 UTC 2026
// 同步 ID: 67aaf87e @ Wed Jul 29 11:03:57 UTC 2026
// 重构日志: e8c596ba
